[pixner.net/sportsodds1/sportsbet/index.html]
[backblue.gif]
[fade.gif]
[index.html]
[pixner.net/sportsodds1/sportsbet/assets/img/logo/favicon.png]
[pixner.net/sportsodds1/sportsbet/assets/css/bootstrap.min.css]
[pixner.net/sportsodds1/sportsbet/assets/css/magnific-popup.css]
[pixner.net/sportsodds1/sportsbet/assets/css/owl.carousel.min.css]
[pixner.net/sportsodds1/sportsbet/assets/css/owl.theme.default.css]
[pixner.net/sportsodds1/sportsbet/assets/css/nice-select.css]
[pixner.net/sportsodds1/sportsbet/assets/glyphter-font/css/Glyphter.css]
[pixner.net/sportsodds1/sportsbet/assets/css/animate.css]
[pixner.net/sportsodds1/sportsbet/assets/css/all.min.css]
[pixner.net/sportsodds1/sportsbet/assets/css/main.css]
[pixner.net/sportsodds1/sportsbet/assets/img/logo/logo.png]
[pixner.net/sportsodds1/sportsbet/assets/img/header/uk.png]
[pixner.net/sportsodds1/sportsbet/lives.html]
[pixner.net/sportsodds1/sportsbet/sportsbetting.html]
[pixner.net/sportsodds1/sportsbet/casino.html]
[pixner.net/sportsodds1/sportsbet/livecasino.html]
[pixner.net/sportsodds1/sportsbet/promotions.html]
[pixner.net/sportsodds1/sportsbet/signin.html]
[pixner.net/sportsodds1/sportsbet/assets/img/leftmenu/cup.png]
[pixner.net/sportsodds1/sportsbet/assets/img/leftmenu/europ.png]
[pixner.net/sportsodds1/sportsbet/assets/img/leftmenu/start.png]
[pixner.net/sportsodds1/sportsbet/assets/img/matchfixing/arjentina.png]
[pixner.net/sportsodds1/sportsbet/assets/img/matchfixing/france.png]
[pixner.net/sportsodds1/sportsbet/assets/img/matchfixing/poland.png]
[pixner.net/sportsodds1/sportsbet/assets/img/matchfixing/denmark.png]
[pixner.net/sportsodds1/sportsbet/assets/img/matchfixing/maxico.png]
[pixner.net/sportsodds1/sportsbet/assets/img/matchfixing/farense.png]
[pixner.net/sportsodds1/sportsbet/assets/img/matchfixing/tenerif.png]
[pixner.net/sportsodds1/sportsbet/assets/img/matchfixing/oviedo.png]
[pixner.net/sportsodds1/sportsbet/assets/img/matchfixing/aus.png]
[pixner.net/sportsodds1/sportsbet/assets/img/matchfixing/tunisia.png]
[pixner.net/sportsodds1/sportsbet/assets/img/footer/rightarrow.png]
[pixner.net/sportsodds1/sportsbet/bonuses.html]
[pixner.net/sportsodds1/sportsbet/deposit.html]
[pixner.net/sportsodds1/sportsbet/betslipcheck.html]
[pixner.net/sportsodds1/sportsbet/assets/img/sponsor/s1.png]
[pixner.net/sportsodds1/sportsbet/assets/img/sponsor/s12.png]
[pixner.net/sportsodds1/sportsbet/assets/img/sponsor/s3.png]
[pixner.net/sportsodds1/sportsbet/assets/img/sponsor/s4.png]
[pixner.net/sportsodds1/sportsbet/assets/img/sponsor/s5.png]
[pixner.net/sportsodds1/sportsbet/assets/img/sponsor/s6.png]
[pixner.net/sportsodds1/sportsbet/assets/img/sponsor/s7.png]
[pixner.net/sportsodds1/sportsbet/assets/img/sponsor/s8.png]
[pixner.net/sportsodds1/sportsbet/assets/img/sponsor/s9.png]
[pixner.net/sportsodds1/sportsbet/assets/img/sponsor/s10.png]
[pixner.net/sportsodds1/sportsbet/assets/img/virtuals/world.jpg]
[pixner.net/sportsodds1/sportsbet/assets/img/games/play.png]
[pixner.net/sportsodds1/sportsbet/assets/img/virtuals/virtual2.jpg]
[pixner.net/sportsodds1/sportsbet/assets/img/virtuals/virtual3.jpg]
[pixner.net/sportsodds1/sportsbet/assets/img/virtuals/vr1.jpg]
[pixner.net/sportsodds1/sportsbet/assets/img/virtuals/vr2.jpg]
[pixner.net/sportsodds1/sportsbet/assets/img/virtuals/vr3.jpg]
[pixner.net/sportsodds1/sportsbet/assets/img/virtuals/vr4.jpg]
[pixner.net/sportsodds1/sportsbet/assets/img/virtuals/vr5.jpg]
[pixner.net/sportsodds1/sportsbet/assets/img/virtuals/vr6.jpg]
[pixner.net/sportsodds1/sportsbet/assets/img/virtuals/vr7.jpg]
[pixner.net/sportsodds1/sportsbet/assets/img/virtuals/vr8.jpg]
[pixner.net/sportsodds1/sportsbet/assets/img/virtuals/vr9.jpg]
[pixner.net/sportsodds1/sportsbet/assets/img/matchfixing/aris.png]
[pixner.net/sportsodds1/sportsbet/assets/img/matchfixing/gs.png]
[pixner.net/sportsodds1/sportsbet/assets/img/matchfixing/fujian.png]
[pixner.net/sportsodds1/sportsbet/dashboard.html]
[pixner.net/sportsodds1/sportsbet/assets/js/jquery-3.6.0.min.js]
[pixner.net/sportsodds1/sportsbet/assets/js/bootstrap.bundle.min.js]
[pixner.net/sportsodds1/sportsbet/assets/js/jquery.magnific-popup.min.js]
[pixner.net/sportsodds1/sportsbet/assets/js/owl.carousel.min.js]
[pixner.net/sportsodds1/sportsbet/assets/js/jquery.nice-select.min.js]
[pixner.net/sportsodds1/sportsbet/assets/js/wow.min.js]
[pixner.net/sportsodds1/sportsbet/assets/js/jquery-ui.min.js]
[pixner.net/sportsodds1/sportsbet/assets/js/api.js]
[pixner.net/sportsodds1/sportsbet/index.html]
[pixner.net/sportsodds1/sportsbet/assets/css/bootstrap.min.css]
[pixner.net/sportsodds1/sportsbet/assets/css/magnific-popup.css]
[pixner.net/sportsodds1/sportsbet/assets/js/main.js]
[pixner.net/sportsodds1/sportsbet/assets/css/owl.video.play.png]
[pixner.net/sportsodds1/sportsbet/assets/css/owl.carousel.min.css]
[pixner.net/sportsodds1/sportsbet/assets/css/owl.theme.default.css]
[pixner.net/sportsodds1/sportsbet/assets/css/nice-select.css]
[pixner.net/sportsodds1/sportsbet/assets/glyphter-font/fonts/Glyphter.eot]
[pixner.net/sportsodds1/sportsbet/assets/glyphter-font/fonts/Glyphterd41d.eot]
[pixner.net/sportsodds1/sportsbet/assets/glyphter-font/fonts/Glyphter.woff]
[pixner.net/sportsodds1/sportsbet/assets/glyphter-font/fonts/Glyphter.ttf]
[pixner.net/sportsodds1/sportsbet/assets/glyphter-font/css/Glyphter.css]
[pixner.net/sportsodds1/sportsbet/assets/css/animate.css]
[pixner.net/sportsodds1/sportsbet/assets/glyphter-font/fonts/Glyphter.svg]
[pixner.net/sportsodds1/sportsbet/assets/webfonts/fa-brands-400.woff2]
[pixner.net/sportsodds1/sportsbet/assets/webfonts/fa-brands-400.ttf]
[pixner.net/sportsodds1/sportsbet/assets/webfonts/fa-regular-400.woff2]
[pixner.net/sportsodds1/sportsbet/assets/webfonts/fa-regular-400.ttf]
[pixner.net/sportsodds1/sportsbet/assets/webfonts/fa-solid-900.woff2]
[pixner.net/sportsodds1/sportsbet/assets/webfonts/fa-solid-900.ttf]
[pixner.net/sportsodds1/sportsbet/assets/webfonts/fa-v4compatibility.woff2]
[pixner.net/sportsodds1/sportsbet/assets/css/all.min.css]
[pixner.net/sportsodds1/sportsbet/assets/webfonts/fa-v4compatibility.ttf]
[pixner.net/sportsodds1/sportsbet/assets/img/modal/cros.png]
[pixner.net/sportsodds1/sportsbet/assets/img/profile/dots.png]
[pixner.net/sportsodds1/sportsbet/assets/css/main.css]
[pixner.net/sportsodds1/sportsbet/lives.html]
[pixner.net/sportsodds1/sportsbet/SportOddsting.58.delayed]
[pixner.net/sportsodds1/sportsbet/sportsbetting.html]
[pixner.net/sportsodds1/sportsbet/assets/img/games/t1.jpg]
[pixner.net/sportsodds1/sportsbet/assets/img/games/t2.jpg]
[pixner.net/sportsodds1/sportsbet/assets/img/games/t4.jpg]
[pixner.net/sportsodds1/sportsbet/assets/img/games/t3.jpg]
[pixner.net/sportsodds1/sportsbet/assets/img/games/t5.jpg]
[pixner.net/sportsodds1/sportsbet/assets/img/games/t6.jpg]
[pixner.net/sportsodds1/sportsbet/assets/img/games/t7.jpg]
[pixner.net/sportsodds1/sportsbet/assets/img/games/n1.jpg]
[pixner.net/sportsodds1/sportsbet/assets/img/games/n2.jpg]
[pixner.net/sportsodds1/sportsbet/assets/img/games/n4.jpg]
[pixner.net/sportsodds1/sportsbet/assets/img/games/n5.jpg]
[pixner.net/sportsodds1/sportsbet/assets/img/games/n6.jpg]
[pixner.net/sportsodds1/sportsbet/assets/img/games/n7.jpg]
[pixner.net/sportsodds1/sportsbet/assets/img/games/popu.jpg]
[pixner.net/sportsodds1/sportsbet/assets/img/games/p1.jpg]
[pixner.net/sportsodds1/sportsbet/assets/img/games/p2.jpg]
[pixner.net/sportsodds1/sportsbet/assets/img/games/p3.jpg]
[pixner.net/sportsodds1/sportsbet/assets/img/games/p4.jpg]
[pixner.net/sportsodds1/sportsbet/assets/img/games/p5.jpg]
[pixner.net/sportsodds1/sportsbet/assets/img/games/p6.jpg]
[pixner.net/sportsodds1/sportsbet/assets/img/games/s1.jpg]
[pixner.net/sportsodds1/sportsbet/assets/img/games/s2.jpg]
[pixner.net/sportsodds1/sportsbet/assets/img/games/s3.jpg]
[pixner.net/sportsodds1/sportsbet/assets/img/games/s4.jpg]
[pixner.net/sportsodds1/sportsbet/assets/img/games/s5.jpg]
[pixner.net/sportsodds1/sportsbet/assets/img/games/s6.jpg]
[pixner.net/sportsodds1/sportsbet/assets/img/games/s7.jpg]
[pixner.net/sportsodds1/sportsbet/assets/img/games/s8.jpg]
[pixner.net/sportsodds1/sportsbet/assets/img/games/s9.jpg]
[pixner.net/sportsodds1/sportsbet/assets/img/games/s10.jpg]
[pixner.net/sportsodds1/sportsbet/assets/img/games/s11.jpg]
[pixner.net/sportsodds1/sportsbet/assets/img/games/s12.jpg]
[pixner.net/sportsodds1/sportsbet/assets/img/games/j1.jpg]
[pixner.net/sportsodds1/sportsbet/assets/img/games/j2.jpg]
[pixner.net/sportsodds1/sportsbet/assets/img/games/j3.jpg]
[pixner.net/sportsodds1/sportsbet/assets/img/games/j4.jpg]
[pixner.net/sportsodds1/sportsbet/assets/img/games/j5.jpg]
[pixner.net/sportsodds1/sportsbet/assets/img/games/j6.jpg]
[pixner.net/sportsodds1/sportsbet/assets/img/games/j7.jpg]
[pixner.net/sportsodds1/sportsbet/assets/img/games/j8.jpg]
[pixner.net/sportsodds1/sportsbet/assets/img/games/l1.jpg]
[pixner.net/sportsodds1/sportsbet/assets/img/games/l2.png]
[pixner.net/sportsodds1/sportsbet/assets/img/games/l3.png]
[pixner.net/sportsodds1/sportsbet/assets/img/games/l4.png]
[pixner.net/sportsodds1/sportsbet/assets/img/games/l5.png]
[pixner.net/sportsodds1/sportsbet/assets/img/games/l6.png]
[pixner.net/sportsodds1/sportsbet/assets/img/games/l7.png]
[pixner.net/sportsodds1/sportsbet/assets/img/games/l8.png]
[pixner.net/sportsodds1/sportsbet/assets/img/games/a1.jpg]
[pixner.net/sportsodds1/sportsbet/assets/img/games/a2.jpg]
[pixner.net/sportsodds1/sportsbet/assets/img/games/a3.jpg]
[pixner.net/sportsodds1/sportsbet/assets/img/games/a4.jpg]
[pixner.net/sportsodds1/sportsbet/assets/img/games/a5.jpg]
[pixner.net/sportsodds1/sportsbet/assets/img/games/a6.jpg]
[pixner.net/sportsodds1/sportsbet/assets/img/games/a7.jpg]
[pixner.net/sportsodds1/sportsbet/assets/img/games/a8.jpg]
[pixner.net/sportsodds1/sportsbet/assets/img/games/a9.jpg]
[pixner.net/sportsodds1/sportsbet/assets/img/games/a10.jpg]
[pixner.net/sportsodds1/sportsbet/assets/img/games/a11.jpg]
[pixner.net/sportsodds1/sportsbet/assets/img/games/a12.jpg]
[pixner.net/sportsodds1/sportsbet/assets/img/games/tt1.jpg]
[pixner.net/sportsodds1/sportsbet/assets/img/games/tt2.jpg]
[pixner.net/sportsodds1/sportsbet/assets/img/games/tt3.jpg]
[pixner.net/sportsodds1/sportsbet/assets/img/games/tt4.jpg]
[pixner.net/sportsodds1/sportsbet/assets/img/games/tt5.jpg]
[pixner.net/sportsodds1/sportsbet/assets/img/games/tt6.jpg]
[pixner.net/sportsodds1/sportsbet/assets/img/games/tt7.jpg]
[pixner.net/sportsodds1/sportsbet/assets/img/games/tt8.jpg]
[pixner.net/sportsodds1/sportsbet/assets/img/games/tt9.jpg]
[pixner.net/sportsodds1/sportsbet/assets/img/games/tt10.jpg]
[pixner.net/sportsodds1/sportsbet/assets/img/games/tt11.jpg]
[pixner.net/sportsodds1/sportsbet/assets/img/games/tt12.jpg]
[pixner.net/sportsodds1/sportsbet/assets/img/games/tt14.jpg]
[pixner.net/sportsodds1/sportsbet/assets/img/games/tt15.jpg]
[pixner.net/sportsodds1/sportsbet/assets/img/games/tt16.jpg]
[pixner.net/sportsodds1/sportsbet/assets/img/games/tt17.jpg]
[pixner.net/sportsodds1/sportsbet/assets/img/games/tt18.jpg]
[pixner.net/sportsodds1/sportsbet/assets/img/games/tt19.jpg]
[pixner.net/sportsodds1/sportsbet/assets/img/games/tt20.jpg]
[pixner.net/sportsodds1/sportsbet/assets/img/games/tt21.jpg]
[pixner.net/sportsodds1/sportsbet/assets/img/games/tt22.jpg]
[pixner.net/sportsodds1/sportsbet/assets/img/games/tt23.jpg]
[pixner.net/sportsodds1/sportsbet/assets/img/games/tt24.jpg]
[pixner.net/sportsodds1/sportsbet/assets/img/games/nn1.jpg]
[pixner.net/sportsodds1/sportsbet/assets/img/games/nn2.jpg]
[pixner.net/sportsodds1/sportsbet/assets/img/games/nn3.jpg]
[pixner.net/sportsodds1/sportsbet/assets/img/games/nn4.jpg]
[pixner.net/sportsodds1/sportsbet/assets/img/games/nn5.jpg]
[pixner.net/sportsodds1/sportsbet/assets/img/games/nn6.jpg]
[pixner.net/sportsodds1/sportsbet/assets/img/games/nn7.jpg]
[pixner.net/sportsodds1/sportsbet/assets/img/games/nn8.jpg]
[pixner.net/sportsodds1/sportsbet/assets/img/games/nn9.jpg]
[pixner.net/sportsodds1/sportsbet/assets/img/games/nn10.jpg]
[pixner.net/sportsodds1/sportsbet/assets/img/games/nn11.jpg]
[pixner.net/sportsodds1/sportsbet/assets/img/games/nn12.jpg]
[pixner.net/sportsodds1/sportsbet/assets/img/games/nn13.jpg]
[pixner.net/sportsodds1/sportsbet/assets/img/games/nn14.jpg]
[pixner.net/sportsodds1/sportsbet/assets/img/games/nn15.jpg]
[pixner.net/sportsodds1/sportsbet/assets/img/games/nn16.jpg]
[pixner.net/sportsodds1/sportsbet/assets/img/games/nn17.jpg]
[pixner.net/sportsodds1/sportsbet/assets/img/games/nn18.jpg]
[pixner.net/sportsodds1/sportsbet/assets/img/games/nn19.jpg]
[pixner.net/sportsodds1/sportsbet/assets/img/games/sl1.jpg]
[pixner.net/sportsodds1/sportsbet/assets/img/games/sl2.jpg]
[pixner.net/sportsodds1/sportsbet/assets/img/games/sl3.jpg]
[pixner.net/sportsodds1/sportsbet/assets/img/games/sl4.jpg]
[pixner.net/sportsodds1/sportsbet/assets/img/games/sl5.jpg]
[pixner.net/sportsodds1/sportsbet/assets/img/games/sl6.jpg]
[pixner.net/sportsodds1/sportsbet/assets/img/games/sl7.jpg]
[pixner.net/sportsodds1/sportsbet/assets/img/games/sl8.jpg]
[pixner.net/sportsodds1/sportsbet/assets/img/games/sl9.jpg]
[pixner.net/sportsodds1/sportsbet/assets/img/games/sl10.jpg]
[pixner.net/sportsodds1/sportsbet/assets/img/games/sl11.jpg]
[pixner.net/sportsodds1/sportsbet/assets/img/games/sl12.jpg]
[pixner.net/sportsodds1/sportsbet/assets/img/games/sl13.jpg]
[pixner.net/sportsodds1/sportsbet/assets/img/games/sl14.jpg]
[pixner.net/sportsodds1/sportsbet/assets/img/games/sl15.jpg]
[pixner.net/sportsodds1/sportsbet/assets/img/games/sl16.jpg]
[pixner.net/sportsodds1/sportsbet/assets/img/games/sl17.jpg]
[pixner.net/sportsodds1/sportsbet/assets/img/games/sl18.jpg]
[pixner.net/sportsodds1/sportsbet/assets/img/games/sl19.jpg]
[pixner.net/sportsodds1/sportsbet/assets/img/games/tg1.jpg]
[pixner.net/sportsodds1/sportsbet/assets/img/games/tg2.jpg]
[pixner.net/sportsodds1/sportsbet/assets/img/games/tg3.jpg]
[pixner.net/sportsodds1/sportsbet/assets/img/games/tg4.jpg]
[pixner.net/sportsodds1/sportsbet/assets/img/games/tg5.jpg]
[pixner.net/sportsodds1/sportsbet/assets/img/games/tg6.jpg]
[pixner.net/sportsodds1/sportsbet/assets/img/games/tg7.jpg]
[pixner.net/sportsodds1/sportsbet/assets/img/games/tg8.jpg]
[pixner.net/sportsodds1/sportsbet/assets/img/games/tg9.jpg]
[pixner.net/sportsodds1/sportsbet/assets/img/games/tg10.jpg]
[pixner.net/sportsodds1/sportsbet/assets/img/games/tg11.jpg]
[pixner.net/sportsodds1/sportsbet/assets/img/games/tg12.jpg]
[pixner.net/sportsodds1/sportsbet/assets/img/games/tg13.jpg]
[pixner.net/sportsodds1/sportsbet/assets/img/games/tg14.jpg]
[pixner.net/sportsodds1/sportsbet/assets/img/games/tg15.jpg]
[pixner.net/sportsodds1/sportsbet/assets/img/games/tg16.jpg]
[pixner.net/sportsodds1/sportsbet/assets/img/games/tg17.jpg]
[pixner.net/sportsodds1/sportsbet/assets/img/games/tg18.jpg]
[pixner.net/sportsodds1/sportsbet/assets/img/games/tg19.jpg]
[pixner.net/sportsodds1/sportsbet/assets/img/games/tg20.jpg]
[pixner.net/sportsodds1/sportsbet/assets/img/games/jk1.jpg]
[pixner.net/sportsodds1/sportsbet/assets/img/games/jk2.jpg]
[pixner.net/sportsodds1/sportsbet/assets/img/games/jk3.jpg]
[pixner.net/sportsodds1/sportsbet/assets/img/games/jk4.jpg]
[pixner.net/sportsodds1/sportsbet/assets/img/games/jk5.jpg]
[pixner.net/sportsodds1/sportsbet/assets/img/games/jk6.jpg]
[pixner.net/sportsodds1/sportsbet/assets/img/games/jk7.jpg]
[pixner.net/sportsodds1/sportsbet/assets/img/games/jk8.jpg]
[pixner.net/sportsodds1/sportsbet/assets/img/games/jk9.jpg]
[pixner.net/sportsodds1/sportsbet/assets/img/games/jk10.jpg]
[pixner.net/sportsodds1/sportsbet/assets/img/games/jk11.jpg]
[pixner.net/sportsodds1/sportsbet/assets/img/games/jk12.jpg]
[pixner.net/sportsodds1/sportsbet/assets/img/games/jk13.jpg]
[pixner.net/sportsodds1/sportsbet/assets/img/games/jk.jpg]
[pixner.net/sportsodds1/sportsbet/assets/img/games/jk14.jpg]
[pixner.net/sportsodds1/sportsbet/assets/img/games/jk15.jpg]
[pixner.net/sportsodds1/sportsbet/assets/img/games/jk16.jpg]
[pixner.net/sportsodds1/sportsbet/assets/img/games/jk17.jpg]
[pixner.net/sportsodds1/sportsbet/assets/img/games/jk18.jpg]
[pixner.net/sportsodds1/sportsbet/assets/img/games/jk19.jpg]
[pixner.net/sportsodds1/sportsbet/assets/img/games/lg1.png]
[pixner.net/sportsodds1/sportsbet/assets/img/games/lg2.png]
[pixner.net/sportsodds1/sportsbet/assets/img/games/lg3.png]
[pixner.net/sportsodds1/sportsbet/assets/img/games/lg4.png]
[pixner.net/sportsodds1/sportsbet/assets/img/logo/footerlogo.png]
[pixner.net/sportsodds1/sportsbet/casino.html]
[pixner.net/sportsodds1/sportsbet/livecasino.html]
[pixner.net/sportsodds1/sportsbet/assets/img/games/pro2.png]
[pixner.net/sportsodds1/sportsbet/assets/img/games/pro1.png]
[pixner.net/sportsodds1/sportsbet/assets/img/games/pro3.png]
[pixner.net/sportsodds1/sportsbet/assets/img/games/pro4.png]
[pixner.net/sportsodds1/sportsbet/promotions.html]
[pixner.net/sportsodds1/sportsbet/assets/img/modal/modal.png]
[pixner.net/sportsodds1/sportsbet/signin.html]
[pixner.net/sportsodds1/sportsbet/contact-preference.html]
[pixner.net/sportsodds1/sportsbet/identity.html]
[pixner.net/sportsodds1/sportsbet/verification.html]
[pixner.net/sportsodds1/sportsbet/casinobet.html]
[pixner.net/sportsodds1/sportsbet/mypromo.html]
[pixner.net/sportsodds1/sportsbet/withdraw.html]
[pixner.net/sportsodds1/sportsbet/transaction.html]
[pixner.net/sportsodds1/sportsbet/notification.html]
[pixner.net/sportsodds1/sportsbet/bethistory.html]
[pixner.net/sportsodds1/sportsbet/assets/img/profile/bonus1.jpg]
[pixner.net/sportsodds1/sportsbet/assets/img/profile/bonus2.jpg]
[pixner.net/sportsodds1/sportsbet/assets/img/profile/bonus3.jpg]
[pixner.net/sportsodds1/sportsbet/assets/img/profile/bonus4.jpg]
[pixner.net/sportsodds1/sportsbet/bonuses.html]
[pixner.net/sportsodds1/sportsbet/betslipcheck.html]
[pixner.net/sportsodds1/sportsbet/assets/img/profile/visa.png]
[pixner.net/sportsodds1/sportsbet/assets/img/profile/webpay.png]
[pixner.net/sportsodds1/sportsbet/assets/img/profile/skrill.png]
[pixner.net/sportsodds1/sportsbet/assets/img/profile/much.png]
[pixner.net/sportsodds1/sportsbet/assets/img/profile/neteller.png]
[pixner.net/sportsodds1/sportsbet/assets/img/profile/paypal.png]
[pixner.net/sportsodds1/sportsbet/assets/img/profile/bitcoin.png]
[pixner.net/sportsodds1/sportsbet/assets/img/profile/inovarav.png]
[pixner.net/sportsodds1/sportsbet/assets/img/profile/phonerpe.png]
[pixner.net/sportsodds1/sportsbet/assets/img/profile/coins.png]
[pixner.net/sportsodds1/sportsbet/assets/img/profile/yandex.png]
[pixner.net/sportsodds1/sportsbet/assets/img/profile/visas.png]
[pixner.net/sportsodds1/sportsbet/assets/img/profile/bvisa.png]
[pixner.net/sportsodds1/sportsbet/assets/img/profile/visap.png]
[pixner.net/sportsodds1/sportsbet/deposit.html]
[pixner.net/sportsodds1/sportsbet/assets/img/profile/profile.png]
[pixner.net/sportsodds1/sportsbet/assets/img/profile/plus.png]
[pixner.net/sportsodds1/sportsbet/assets/img/profile/goggle.png]
[pixner.net/sportsodds1/sportsbet/assets/img/profile/steam.png]
[pixner.net/sportsodds1/sportsbet/assets/img/profile/twitter.png]
[pixner.net/sportsodds1/sportsbet/assets/img/profile/facebook.png]
[pixner.net/sportsodds1/sportsbet/assets/img/profile/twitch.png]
[pixner.net/sportsodds1/sportsbet/assets/img/profile/vkonta.png]
[pixner.net/sportsodds1/sportsbet/dashboard.html]
[pixner.net/sportsodds1/sportsbet/assets/css/owl.video.play.html]
[pixner.net/sportsodds1/sportsbet/assets/glyphter-font/fonts/Glyphter.svg]
[pixner.net/sportsodds1/sportsbet/SportOddsting.html]
[pixner.net/sportsodds1/sportsbet/contact-preference.html]
[pixner.net/sportsodds1/sportsbet/identity.html]
[pixner.net/sportsodds1/sportsbet/verification.html]
[pixner.net/sportsodds1/sportsbet/casinobet.html]
[pixner.net/sportsodds1/sportsbet/assets/img/profile/promo1.jpg]
[pixner.net/sportsodds1/sportsbet/assets/img/profile/promo2.jpg]
[pixner.net/sportsodds1/sportsbet/assets/img/profile/promo3.jpg]
[pixner.net/sportsodds1/sportsbet/mypromo.html]
[pixner.net/sportsodds1/sportsbet/withdraw.html]
[pixner.net/sportsodds1/sportsbet/transaction.html]
[pixner.net/sportsodds1/sportsbet/notification.html]
[pixner.net/sportsodds1/sportsbet/bethistory.html]
